Traceback (most recent call last):
  File "D:\GitHubMJR\IDSiK_PP\.venv\Lib\site-packages\jupyter_cache\executors\utils.py", line 58, in single_nb_execution
    executenb(
  File "D:\GitHubMJR\IDSiK_PP\.venv\Lib\site-packages\nbclient\client.py", line 1305, in execute
    return NotebookClient(nb=nb, resources=resources, km=km, **kwargs).execute()
           ^^^^^^^^^^^^^^^^^^^^^^^^^^^^^^^^^^^^^^^^^^^^^^^^^^^^^^^^^^^^^^^^^^^^^
  File "D:\GitHubMJR\IDSiK_PP\.venv\Lib\site-packages\jupyter_core\utils\__init__.py", line 165, in wrapped
    return loop.run_until_complete(inner)
           ^^^^^^^^^^^^^^^^^^^^^^^^^^^^^^
  File "C:\Users\malgo\AppData\Local\Programs\Python\Python312\Lib\asyncio\base_events.py", line 687, in run_until_complete
    return future.result()
           ^^^^^^^^^^^^^^^
  File "D:\GitHubMJR\IDSiK_PP\.venv\Lib\site-packages\nbclient\client.py", line 705, in async_execute
    await self.async_execute_cell(
  File "D:\GitHubMJR\IDSiK_PP\.venv\Lib\site-packages\nbclient\client.py", line 1058, in async_execute_cell
    await self._check_raise_for_error(cell, cell_index, exec_reply)
  File "D:\GitHubMJR\IDSiK_PP\.venv\Lib\site-packages\nbclient\client.py", line 914, in _check_raise_for_error
    raise CellExecutionError.from_cell_and_msg(cell, exec_reply_content)
nbclient.exceptions.CellExecutionError: An error occurred while executing the following cell:
------------------
idx = np.argwhere(x>1)

------------------


[31m---------------------------------------------------------------------------[39m
[31mUFuncTypeError[39m                            Traceback (most recent call last)
[36mCell[39m[36m [39m[32mIn[43][39m[32m, line 1[39m
[32m----> [39m[32m1[39m idx = np.argwhere([43mx[49m[43m>[49m[32;43m1[39;49m)

[31mUFuncTypeError[39m: ufunc 'greater' did not contain a loop with signature matching types (<class 'numpy.dtypes.StrDType'>, <class 'numpy.dtypes._PyLongDType'>) -> None

